// Jest Snapshot v1, https://goo.gl/fbAQLP

exports[`<ThumbIndex /> render equals snapshot 1`] = `
<div
  data-testid="ut-front-test"
>
  <div
    class="flex flex-row pb-0 thumbs-0-2-2"
  >
    <div
      class="p-listbox p-component border-none"
    >
      <div
        class="p-listbox-list-wrapper"
      >
        <ul
          aria-multiselectable="false"
          class="p-listbox-list"
          role="listbox"
        />
      </div>
    </div>
  </div>
</div>
`;
