// Jest Snapshot v1, https://goo.gl/fbAQLP

exports[`<Inspector /> Basic render equals snapshot 1`] = `
<div
  data-testid="ut-front-test"
>
  <div
    class="col-3 inspector-0-2-1"
  >
    <div
      class="flex overflow-x-hidden w-full"
    >
      <div
        class="flex flex-grow-1"
      >
        <div
          class="p-toast p-component p-toast-top-right"
        >
          <div />
        </div>
        <div
          class="grid col align-self-start form-0-2-2"
        >
          <div
            class="col-12 w-full p-0"
          >
            <div
              class="w-full"
            >
              <div
                class="p-card p-component card card-0-2-3"
                id="edit"
              >
                <div
                  class="p-card-body"
                >
                  <div
                    class="p-card-title"
                  >
                    Input
                  </div>
                  <div
                    class="p-card-content"
                  >
                    <div
                      class=""
                    >
                      <div
                        class="field grid"
                      >
                        <label
                          class="col-12 md:col-3"
                          for="title"
                        >
                          Title
                        </label>
                        <div
                          class="flex align-items-center relative col-12 md:col-9"
                        >
                          <input
                            class="p-inputtext p-component w-full"
                            id="title"
                            name="title"
                            value=""
                          />
                        </div>
                      </div>
                      <div
                        class="field grid"
                      >
                        <label
                          class="col-12 md:col-3"
                          for="type"
                        >
                          Type
                        </label>
                        <div
                          class="flex align-items-center relative col-12 md:col-9"
                        >
                          <div
                            class="p-dropdown p-component p-inputwrapper p-dropdown-clearable w-full"
                            data-testid="type"
                            id="type"
                          >
                            <div
                              class="p-hidden-accessible"
                            >
                              <input
                                aria-haspopup="listbox"
                                readonly=""
                                type="text"
                              />
                            </div>
                            <div
                              class="p-hidden-accessible p-dropdown-hidden-select"
                            >
                              <select
                                aria-hidden="true"
                                name="type"
                                tabindex="-1"
                              >
                                <option
                                  selected=""
                                  value=""
                                />
                              </select>
                            </div>
                            <span
                              class="p-dropdown-label p-inputtext p-dropdown-label-empty"
                            >
                              empty
                            </span>
                            <div
                              aria-expanded="false"
                              aria-haspopup="listbox"
                              class="p-dropdown-trigger"
                              role="button"
                            >
                              <span
                                class="p-dropdown-trigger-icon p-clickable pi pi-chevron-down"
                              />
                            </div>
                          </div>
                        </div>
                      </div>
                      <div
                        class="field grid"
                      >
                        <label
                          class="col-12 md:col-3"
                          for="widget-type"
                        >
                          Widget
                        </label>
                        <div
                          class="flex align-items-center relative col-12 md:col-9"
                        >
                          <div
                            class="p-dropdown p-component p-inputwrapper p-dropdown-clearable w-full"
                            data-testid="widget-type"
                            id="widget-type"
                          >
                            <div
                              class="p-hidden-accessible"
                            >
                              <input
                                aria-haspopup="listbox"
                                readonly=""
                                type="text"
                              />
                            </div>
                            <div
                              class="p-hidden-accessible p-dropdown-hidden-select"
                            >
                              <select
                                aria-hidden="true"
                                name="widget.type"
                                tabindex="-1"
                              >
                                <option
                                  selected=""
                                  value=""
                                />
                              </select>
                            </div>
                            <span
                              class="p-dropdown-label p-inputtext p-dropdown-label-empty"
                            >
                              empty
                            </span>
                            <div
                              aria-expanded="false"
                              aria-haspopup="listbox"
                              class="p-dropdown-trigger"
                              role="button"
                            >
                              <span
                                class="p-dropdown-trigger-icon p-clickable pi pi-chevron-down"
                              />
                            </div>
                          </div>
                        </div>
                      </div>
                      <div
                        class="field grid"
                      >
                        <label
                          class="col-12 md:col-3"
                          for="widget-parent"
                        >
                          Parent
                        </label>
                        <div
                          class="flex align-items-center relative col-12 md:col-9"
                        >
                          <input
                            class="p-inputtext p-component w-full"
                            id="widget-parent"
                            name="widget.parent"
                            value=""
                          />
                        </div>
                      </div>
                      <div
                        class="field grid"
                      >
                        <label
                          class="col-12 md:col-3"
                          for="widget-labelClass"
                        >
                          Label Class
                        </label>
                        <div
                          class="flex align-items-center relative col-12 md:col-9"
                        >
                          <div
                            class="p-chips p-component p-inputwrapper p-inputwrapper-filled h-10rem"
                            id="widget-labelClass"
                          >
                            <ul
                              class="p-inputtext p-chips-multiple-container"
                            >
                              <li
                                class="p-chips-token p-highlight"
                              >
                                <span
                                  class="p-chips-token-label"
                                >
                                  md:col-4
                                </span>
                                <span
                                  class="p-chips-token-icon pi pi-times-circle"
                                />
                              </li>
                              <li
                                class="p-chips-input-token"
                              >
                                <input
                                  name="widget.labelClass"
                                  type="text"
                                />
                              </li>
                            </ul>
                          </div>
                          <div
                            class="absolute flex right-0 top-0 bottom-0 justify-content-center align-items-center m-2"
                            style="width: 2.375rem;"
                          >
                            <i
                              class="pi cursor-pointer pi-replay"
                            />
                          </div>
                        </div>
                      </div>
                      <div
                        class="field grid"
                      >
                        <label
                          class="col-12 md:col-3"
                          for="widget-fieldClass"
                        >
                          Field Class
                        </label>
                        <div
                          class="flex align-items-center relative col-12 md:col-9"
                        >
                          <div
                            class="p-chips p-component p-inputwrapper p-inputwrapper-filled h-10rem"
                            id="widget-fieldClass"
                          >
                            <ul
                              class="p-inputtext p-chips-multiple-container"
                            >
                              <li
                                class="p-chips-token p-highlight"
                              >
                                <span
                                  class="p-chips-token-label"
                                >
                                  md:col-8
                                </span>
                                <span
                                  class="p-chips-token-icon pi pi-times-circle"
                                />
                              </li>
                              <li
                                class="p-chips-input-token"
                              >
                                <input
                                  name="widget.fieldClass"
                                  type="text"
                                />
                              </li>
                            </ul>
                          </div>
                          <div
                            class="absolute flex right-0 top-0 bottom-0 justify-content-center align-items-center m-2"
                            style="width: 2.375rem;"
                          >
                            <i
                              class="pi cursor-pointer pi-replay"
                            />
                          </div>
                        </div>
                      </div>
                      <div
                        class="field grid mb-0"
                      >
                        <label
                          class="col-12 md:col-3"
                          for="widget-className"
                        >
                          Input Class
                        </label>
                        <div
                          class="flex align-items-center relative col-12 md:col-9"
                        >
                          <div
                            class="p-chips p-component p-inputwrapper p-inputwrapper-filled h-10rem"
                            id="widget-className"
                          >
                            <ul
                              class="p-inputtext p-chips-multiple-container"
                            >
                              <li
                                class="p-chips-token p-highlight"
                              >
                                <span
                                  class="p-chips-token-label"
                                >
                                  w-full
                                </span>
                                <span
                                  class="p-chips-token-icon pi pi-times-circle"
                                />
                              </li>
                              <li
                                class="p-chips-input-token"
                              >
                                <input
                                  name="widget.className"
                                  type="text"
                                />
                              </li>
                            </ul>
                          </div>
                          <div
                            class="absolute flex right-0 top-0 bottom-0 justify-content-center align-items-center m-2"
                            style="width: 2.375rem;"
                          >
                            <i
                              class="pi cursor-pointer pi-replay"
                            />
                          </div>
                        </div>
                      </div>
                    </div>
                  </div>
                </div>
              </div>
            </div>
          </div>
        </div>
      </div>
    </div>
  </div>
  <pre>
    {
  "type": "object",
  "properties": {
    "test": {
      "sort": true
    }
  }
}
  </pre>
</div>
`;
