// Jest Snapshot v1, https://goo.gl/fbAQLP

exports[`<Explorer /> render equals snapshot 1`] = `
<div
  data-testid="ut-front-test"
>
  <div
    class="flex flex-column explorer-0-2-2"
  >
    <div
      class="p-toast p-component p-toast-top-right"
    >
      <div />
    </div>
    <div
      class="p-toolbar p-component border-none p-2 flex-nowrap"
      role="toolbar"
      style="background: none;"
    >
      <div
        class="p-toolbar-group-left"
      />
      <div
        class="p-toolbar-group-right"
      >
        <button
          class="p-button p-component mr-2 ml-2 p-button-icon-only"
          data-testid="items-refreshButton"
        >
          <span
            class="p-button-icon p-c pi pi-search"
          />
          <span
            class="p-button-label p-c"
          >
             
          </span>
        </button>
        <button
          class="p-button p-component mr-2 p-button-icon-only"
          data-testid="items-details-toggleButton"
        >
          <span
            class="p-button-icon p-c pi pi-bars"
          />
          <span
            class="p-button-label p-c"
          >
             
          </span>
        </button>
        <button
          aria-label="design"
          class="p-button p-component p-button-icon-only"
          data-testid="itemsCustomization"
        >
          <span
            class="p-button-icon p-c pi pi-cog"
          />
          <span
            class="p-button-label p-c"
          >
             
          </span>
        </button>
      </div>
    </div>
    <div
      class="flex"
    >
      <div
        class="flex-grow-1"
        style="max-height: 768px;"
      >
        <div>
          <div
            class="p-splitter p-component p-splitter-horizontal"
            style="flex-grow: 1; height: 768px;"
          >
            <div
              class="p-splitter-panel"
              style="flex-basis: calc(90% - 4px); height: 768px;"
            >
              <div
                class="relative"
                style="height: 768px;"
              >
                <div
                  class="p-datatable p-component p-datatable-selectable p-datatable-auto-layout p-datatable-scrollable p-datatable-scrollable-vertical p-datatable-flex-scrollable p-datatable-responsive-stack"
                  data-scrollselectors=".p-datatable-wrapper"
                  pr_id_1=""
                >
                  <div
                    class="p-datatable-wrapper"
                    style="max-height: flex;"
                  >
                    <table
                      class="p-datatable-table"
                      role="table"
                    >
                      <thead
                        class="p-datatable-thead"
                      >
                        <tr
                          role="row"
                        >
                          <th
                            class="flex-grow-0 p-selection-column"
                            role="columnheader"
                          >
                            <div
                              class="p-column-header-content"
                            >
                              <span
                                class="p-column-title"
                              />
                            </div>
                          </th>
                          <th
                            aria-sort="none"
                            class="p-sortable-column"
                            role="columnheader"
                            tabindex="0"
                          >
                            <div
                              class="p-column-header-content"
                            >
                              <span
                                class="p-column-title"
                              >
                                <span
                                  data-testid="nameTitle"
                                >
                                  Name
                                </span>
                              </span>
                              <span
                                class="p-sortable-column-icon pi pi-fw pi-sort-alt"
                              />
                            </div>
                          </th>
                          <th
                            aria-sort="none"
                            class="p-sortable-column"
                            role="columnheader"
                            tabindex="0"
                          >
                            <div
                              class="p-column-header-content"
                            >
                              <span
                                class="p-column-title"
                              >
                                <span
                                  data-testid="sizeTitle"
                                >
                                  Size
                                </span>
                              </span>
                              <span
                                class="p-sortable-column-icon pi pi-fw pi-sort-alt"
                              />
                            </div>
                          </th>
                        </tr>
                        <tr
                          role="row"
                        >
                          <th
                            class="p-filter-column flex-grow-0"
                          >
                            <div
                              class="p-checkbox p-component"
                            >
                              <div
                                class="p-checkbox-box p-component"
                                role="checkbox"
                                tabindex="0"
                              >
                                <span
                                  class="p-checkbox-icon"
                                />
                              </div>
                            </div>
                          </th>
                          <th
                            class="p-filter-column"
                          >
                            <div
                              class="p-column-filter p-fluid p-column-filter-row"
                            >
                              <div
                                class="p-fluid p-column-filter-element"
                              >
                                <input
                                  class="p-inputtext p-component"
                                  name="nameFilter"
                                  value=""
                                />
                              </div>
                              <button
                                aria-label="Clear"
                                class="p-column-filter-clear-button p-link p-hidden-space"
                                type="button"
                              >
                                <span
                                  aria-hidden="true"
                                  class="pi pi-filter-slash"
                                />
                              </button>
                            </div>
                          </th>
                          <th
                            class="p-filter-column"
                          >
                            <div
                              class="p-column-filter p-fluid p-column-filter-row"
                            >
                              <div
                                class="p-fluid p-column-filter-element"
                              >
                                <input
                                  class="p-inputtext p-component"
                                  name="sizeFilter"
                                  value=""
                                />
                              </div>
                              <button
                                aria-label="Clear"
                                class="p-column-filter-clear-button p-link p-hidden-space"
                                type="button"
                              >
                                <span
                                  aria-hidden="true"
                                  class="pi pi-filter-slash"
                                />
                              </button>
                            </div>
                          </th>
                        </tr>
                      </thead>
                      <tbody
                        class="p-datatable-tbody"
                      >
                        <tr
                          class="p-selectable-row"
                          role="row"
                        >
                          <td
                            class="flex-grow-0 p-selection-column"
                            role="cell"
                          >
                            <span
                              class="p-column-title"
                            />
                            <div
                              class="p-checkbox p-component"
                            >
                              <div
                                aria-checked="false"
                                aria-label="Select 0"
                                class="p-checkbox-box p-component"
                                role="checkbox"
                                tabindex="0"
                              >
                                <span
                                  class="p-checkbox-icon"
                                />
                              </div>
                            </div>
                          </td>
                          <td
                            class=""
                            role="cell"
                          >
                            <span
                              class="p-column-title"
                            >
                              <span
                                data-testid="nameTitle"
                              >
                                Name
                              </span>
                            </span>
                            <span
                              class="value"
                            >
                              Item 0
                            </span>
                          </td>
                          <td
                            class=""
                            role="cell"
                          >
                            <span
                              class="p-column-title"
                            >
                              <span
                                data-testid="sizeTitle"
                              >
                                Size
                              </span>
                            </span>
                            <span
                              class="value"
                            >
                              0
                            </span>
                          </td>
                        </tr>
                        <tr
                          class="p-selectable-row p-row-odd"
                          role="row"
                        >
                          <td
                            class="flex-grow-0 p-selection-column"
                            role="cell"
                          >
                            <span
                              class="p-column-title"
                            />
                            <div
                              class="p-checkbox p-component"
                            >
                              <div
                                aria-checked="false"
                                aria-label="Select 1"
                                class="p-checkbox-box p-component"
                                role="checkbox"
                                tabindex="0"
                              >
                                <span
                                  class="p-checkbox-icon"
                                />
                              </div>
                            </div>
                          </td>
                          <td
                            class=""
                            role="cell"
                          >
                            <span
                              class="p-column-title"
                            >
                              <span
                                data-testid="nameTitle"
                              >
                                Name
                              </span>
                            </span>
                            <span
                              class="value"
                            >
                              Item 1
                            </span>
                          </td>
                          <td
                            class=""
                            role="cell"
                          >
                            <span
                              class="p-column-title"
                            >
                              <span
                                data-testid="sizeTitle"
                              >
                                Size
                              </span>
                            </span>
                            <span
                              class="value"
                            >
                              10
                            </span>
                          </td>
                        </tr>
                        <tr
                          class="p-selectable-row"
                          role="row"
                        >
                          <td
                            class="flex-grow-0 p-selection-column"
                            role="cell"
                          >
                            <span
                              class="p-column-title"
                            />
                            <div
                              class="p-checkbox p-component"
                            >
                              <div
                                aria-checked="false"
                                aria-label="Select 2"
                                class="p-checkbox-box p-component"
                                role="checkbox"
                                tabindex="0"
                              >
                                <span
                                  class="p-checkbox-icon"
                                />
                              </div>
                            </div>
                          </td>
                          <td
                            class=""
                            role="cell"
                          >
                            <span
                              class="p-column-title"
                            >
                              <span
                                data-testid="nameTitle"
                              >
                                Name
                              </span>
                            </span>
                            <span
                              class="value"
                            >
                              Item 2
                            </span>
                          </td>
                          <td
                            class=""
                            role="cell"
                          >
                            <span
                              class="p-column-title"
                            >
                              <span
                                data-testid="sizeTitle"
                              >
                                Size
                              </span>
                            </span>
                            <span
                              class="value"
                            >
                              20
                            </span>
                          </td>
                        </tr>
                        <tr
                          class="p-selectable-row p-row-odd"
                          role="row"
                        >
                          <td
                            class="flex-grow-0 p-selection-column"
                            role="cell"
                          >
                            <span
                              class="p-column-title"
                            />
                            <div
                              class="p-checkbox p-component"
                            >
                              <div
                                aria-checked="false"
                                aria-label="Select 3"
                                class="p-checkbox-box p-component"
                                role="checkbox"
                                tabindex="0"
                              >
                                <span
                                  class="p-checkbox-icon"
                                />
                              </div>
                            </div>
                          </td>
                          <td
                            class=""
                            role="cell"
                          >
                            <span
                              class="p-column-title"
                            >
                              <span
                                data-testid="nameTitle"
                              >
                                Name
                              </span>
                            </span>
                            <span
                              class="value"
                            >
                              Item 3
                            </span>
                          </td>
                          <td
                            class=""
                            role="cell"
                          >
                            <span
                              class="p-column-title"
                            >
                              <span
                                data-testid="sizeTitle"
                              >
                                Size
                              </span>
                            </span>
                            <span
                              class="value"
                            >
                              30
                            </span>
                          </td>
                        </tr>
                        <tr
                          class="p-selectable-row"
                          role="row"
                        >
                          <td
                            class="flex-grow-0 p-selection-column"
                            role="cell"
                          >
                            <span
                              class="p-column-title"
                            />
                            <div
                              class="p-checkbox p-component"
                            >
                              <div
                                aria-checked="false"
                                aria-label="Select 4"
                                class="p-checkbox-box p-component"
                                role="checkbox"
                                tabindex="0"
                              >
                                <span
                                  class="p-checkbox-icon"
                                />
                              </div>
                            </div>
                          </td>
                          <td
                            class=""
                            role="cell"
                          >
                            <span
                              class="p-column-title"
                            >
                              <span
                                data-testid="nameTitle"
                              >
                                Name
                              </span>
                            </span>
                            <span
                              class="value"
                            >
                              Item 4
                            </span>
                          </td>
                          <td
                            class=""
                            role="cell"
                          >
                            <span
                              class="p-column-title"
                            >
                              <span
                                data-testid="sizeTitle"
                              >
                                Size
                              </span>
                            </span>
                            <span
                              class="value"
                            >
                              40
                            </span>
                          </td>
                        </tr>
                        <tr
                          class="p-selectable-row p-row-odd"
                          role="row"
                        >
                          <td
                            class="flex-grow-0 p-selection-column"
                            role="cell"
                          >
                            <span
                              class="p-column-title"
                            />
                            <div
                              class="p-checkbox p-component"
                            >
                              <div
                                aria-checked="false"
                                aria-label="Select 5"
                                class="p-checkbox-box p-component"
                                role="checkbox"
                                tabindex="0"
                              >
                                <span
                                  class="p-checkbox-icon"
                                />
                              </div>
                            </div>
                          </td>
                          <td
                            class=""
                            role="cell"
                          >
                            <span
                              class="p-column-title"
                            >
                              <span
                                data-testid="nameTitle"
                              >
                                Name
                              </span>
                            </span>
                            <span
                              class="value"
                            >
                              Item 5
                            </span>
                          </td>
                          <td
                            class=""
                            role="cell"
                          >
                            <span
                              class="p-column-title"
                            >
                              <span
                                data-testid="sizeTitle"
                              >
                                Size
                              </span>
                            </span>
                            <span
                              class="value"
                            >
                              50
                            </span>
                          </td>
                        </tr>
                        <tr
                          class="p-selectable-row"
                          role="row"
                        >
                          <td
                            class="flex-grow-0 p-selection-column"
                            role="cell"
                          >
                            <span
                              class="p-column-title"
                            />
                            <div
                              class="p-checkbox p-component"
                            >
                              <div
                                aria-checked="false"
                                aria-label="Select 6"
                                class="p-checkbox-box p-component"
                                role="checkbox"
                                tabindex="0"
                              >
                                <span
                                  class="p-checkbox-icon"
                                />
                              </div>
                            </div>
                          </td>
                          <td
                            class=""
                            role="cell"
                          >
                            <span
                              class="p-column-title"
                            >
                              <span
                                data-testid="nameTitle"
                              >
                                Name
                              </span>
                            </span>
                            <span
                              class="value"
                            >
                              Item 6
                            </span>
                          </td>
                          <td
                            class=""
                            role="cell"
                          >
                            <span
                              class="p-column-title"
                            >
                              <span
                                data-testid="sizeTitle"
                              >
                                Size
                              </span>
                            </span>
                            <span
                              class="value"
                            >
                              60
                            </span>
                          </td>
                        </tr>
                        <tr
                          class="p-selectable-row p-row-odd"
                          role="row"
                        >
                          <td
                            class="flex-grow-0 p-selection-column"
                            role="cell"
                          >
                            <span
                              class="p-column-title"
                            />
                            <div
                              class="p-checkbox p-component"
                            >
                              <div
                                aria-checked="false"
                                aria-label="Select 7"
                                class="p-checkbox-box p-component"
                                role="checkbox"
                                tabindex="0"
                              >
                                <span
                                  class="p-checkbox-icon"
                                />
                              </div>
                            </div>
                          </td>
                          <td
                            class=""
                            role="cell"
                          >
                            <span
                              class="p-column-title"
                            >
                              <span
                                data-testid="nameTitle"
                              >
                                Name
                              </span>
                            </span>
                            <span
                              class="value"
                            >
                              Item 7
                            </span>
                          </td>
                          <td
                            class=""
                            role="cell"
                          >
                            <span
                              class="p-column-title"
                            >
                              <span
                                data-testid="sizeTitle"
                              >
                                Size
                              </span>
                            </span>
                            <span
                              class="value"
                            >
                              70
                            </span>
                          </td>
                        </tr>
                        <tr
                          class="p-selectable-row"
                          role="row"
                        >
                          <td
                            class="flex-grow-0 p-selection-column"
                            role="cell"
                          >
                            <span
                              class="p-column-title"
                            />
                            <div
                              class="p-checkbox p-component"
                            >
                              <div
                                aria-checked="false"
                                aria-label="Select 8"
                                class="p-checkbox-box p-component"
                                role="checkbox"
                                tabindex="0"
                              >
                                <span
                                  class="p-checkbox-icon"
                                />
                              </div>
                            </div>
                          </td>
                          <td
                            class=""
                            role="cell"
                          >
                            <span
                              class="p-column-title"
                            >
                              <span
                                data-testid="nameTitle"
                              >
                                Name
                              </span>
                            </span>
                            <span
                              class="value"
                            >
                              Item 8
                            </span>
                          </td>
                          <td
                            class=""
                            role="cell"
                          >
                            <span
                              class="p-column-title"
                            >
                              <span
                                data-testid="sizeTitle"
                              >
                                Size
                              </span>
                            </span>
                            <span
                              class="value"
                            >
                              80
                            </span>
                          </td>
                        </tr>
                        <tr
                          class="p-selectable-row p-row-odd"
                          role="row"
                        >
                          <td
                            class="flex-grow-0 p-selection-column"
                            role="cell"
                          >
                            <span
                              class="p-column-title"
                            />
                            <div
                              class="p-checkbox p-component"
                            >
                              <div
                                aria-checked="false"
                                aria-label="Select 9"
                                class="p-checkbox-box p-component"
                                role="checkbox"
                                tabindex="0"
                              >
                                <span
                                  class="p-checkbox-icon"
                                />
                              </div>
                            </div>
                          </td>
                          <td
                            class=""
                            role="cell"
                          >
                            <span
                              class="p-column-title"
                            >
                              <span
                                data-testid="nameTitle"
                              >
                                Name
                              </span>
                            </span>
                            <span
                              class="value"
                            >
                              Item 9
                            </span>
                          </td>
                          <td
                            class=""
                            role="cell"
                          >
                            <span
                              class="p-column-title"
                            >
                              <span
                                data-testid="sizeTitle"
                              >
                                Size
                              </span>
                            </span>
                            <span
                              class="value"
                            >
                              90
                            </span>
                          </td>
                        </tr>
                      </tbody>
                    </table>
                  </div>
                  <div
                    class="p-paginator p-component p-paginator-bottom"
                  >
                    <button
                      aria-label="First Page"
                      class="p-paginator-first p-paginator-element p-link p-disabled"
                      disabled=""
                      type="button"
                    >
                      <span
                        class="p-paginator-icon pi pi-angle-double-left"
                      />
                    </button>
                    <button
                      aria-label="Previous Page"
                      class="p-paginator-prev p-paginator-element p-link p-disabled"
                      disabled=""
                      type="button"
                    >
                      <span
                        class="p-paginator-icon pi pi-angle-left"
                      />
                    </button>
                    <span
                      class="p-paginator-pages"
                    >
                      <button
                        aria-label="Page 2"
                        class="p-paginator-page p-paginator-element p-link p-paginator-page-start p-highlight"
                        type="button"
                      >
                        1
                      </button>
                      <button
                        aria-label="Page 3"
                        class="p-paginator-page p-paginator-element p-link"
                        type="button"
                      >
                        2
                      </button>
                      <button
                        aria-label="Page 4"
                        class="p-paginator-page p-paginator-element p-link"
                        type="button"
                      >
                        3
                      </button>
                      <button
                        aria-label="Page 5"
                        class="p-paginator-page p-paginator-element p-link"
                        type="button"
                      >
                        4
                      </button>
                      <button
                        aria-label="Page 6"
                        class="p-paginator-page p-paginator-element p-link p-paginator-page-end"
                        type="button"
                      >
                        5
                      </button>
                    </span>
                    <button
                      aria-label="Next Page"
                      class="p-paginator-next p-paginator-element p-link"
                      type="button"
                    >
                      <span
                        class="p-paginator-icon pi pi-angle-right"
                      />
                    </button>
                    <button
                      aria-label="Last Page"
                      class="p-paginator-last p-paginator-element p-link"
                      type="button"
                    >
                      <span
                        class="p-paginator-icon pi pi-angle-double-right"
                      />
                    </button>
                  </div>
                </div>
              </div>
            </div>
            <div
              class="p-splitter-gutter"
              style="width: 4px;"
            >
              <div
                class="p-splitter-gutter-handle"
              />
            </div>
            <div
              class="p-splitter-panel"
              style="flex-basis: calc(10% - 4px); height: 768px;"
            >
              <div
                class="w-full"
              >
                <div>
                  <div>
                    Name
                    : 
                  </div>
                  <div>
                    Size
                    : 
                  </div>
                  <div>
                    Records
                    : 
                    55
                  </div>
                </div>
              </div>
            </div>
          </div>
        </div>
      </div>
    </div>
  </div>
</div>
`;
