// Jest Snapshot v1, https://goo.gl/fbAQLP

exports[`<Portal /> render equals snapshot 1`] = `
<div
  data-testid="ut-front-test"
>
  <div
    class="flex flex-column"
    style="height: 768px;"
  >
    <div
      class="headerContainer-0-2-1"
    >
      <div
        class="flex align-items-center justify-content-center"
      >
        <div
          class="hidden p-component lg:block headerLogo-0-2-3"
        />
        <div
          class="hidden p-component text-lg lg:block headerTitle-0-2-2"
        >
          <span>
            Administration Portal
          </span>
        </div>
        <div
          class="p-menubar p-component menuGrow-0-2-5"
          style="background: none;"
        >
          <ul
            class="p-menubar-root-list"
            role="menubar"
          />
        </div>
        <div
          class="p-menubar p-component rightMenu-0-2-7"
          style="background: none;"
        >
          <a
            class="p-menubar-button"
            href="#"
            role="button"
            tabindex="0"
          >
            <i
              class="pi pi-bars"
            />
          </a>
          <ul
            class="p-menubar-root-list"
            role="menubar"
          >
            <li
              class="p-menuitem"
              id="/profile"
              role="none"
            >
              <a
                aria-haspopup="true"
                class="p-menuitem-link"
                data-testid="portal-menu_profile"
                href="#"
                role="menuitem"
              >
                <span
                  class="p-menuitem-icon user"
                />
                <span
                  class="p-menuitem-text"
                  data-testid="portal-menu-label_profile"
                >
                  N/A
                </span>
                <span
                  class="p-submenu-icon pi pi-angle-down"
                />
              </a>
              <ul
                class="p-submenu-list"
                role="menu"
              >
                <li
                  class="p-menuitem"
                  id="/logout"
                  role="none"
                >
                  <a
                    aria-haspopup="false"
                    class="p-menuitem-link"
                    data-testid="portal-menu_logout"
                    href="#"
                    role="menuitem"
                  >
                    <span
                      class="p-menuitem-text"
                      data-testid="portal-menu-label_logout"
                    >
                      Logout
                    </span>
                  </a>
                </li>
              </ul>
            </li>
          </ul>
        </div>
      </div>
    </div>
    <div
      class="p-tabview p-component tabs-0-2-4"
    >
      <div
        class="p-tabview-nav-container"
      >
        <div
          class="p-tabview-nav-content"
          id="pr_id_1"
        >
          <ul
            class="p-tabview-nav"
            role="tablist"
          >
            <li
              class="p-tabview-ink-bar"
              style="width: 0px;"
            />
          </ul>
        </div>
      </div>
      <div
        class="p-tabview-panels"
      />
    </div>
  </div>
</div>
`;
