// Jest Snapshot v1, https://goo.gl/fbAQLP

exports[`<Main /> render equals snapshot 1`] = `
<div
  data-testid="ut-front-test"
>
  <div
    class="h-full"
  >
    <div
      class="border-noround surface-0 h-full"
    >
      <div
        class="flex flex-column"
        style="height: 768px;"
      >
        <div
          class="headerContainer-0-2-6"
        >
          <div
            class="flex align-items-center justify-content-center"
          >
            <div
              class="hidden p-component lg:block headerLogo-0-2-8"
            />
            <div
              class="hidden p-component text-lg lg:block headerTitle-0-2-7"
            >
              <span>
                Administration Portal
              </span>
            </div>
            <div
              class="p-menubar p-component menuGrow-0-2-10"
              style="background: none;"
            >
              <a
                class="p-menubar-button"
                href="#"
                role="button"
                tabindex="0"
              >
                <i
                  class="pi pi-bars"
                />
              </a>
              <ul
                class="p-menubar-root-list"
                role="menubar"
              >
                <li
                  class="p-menuitem"
                  role="none"
                >
                  <a
                    aria-haspopup="false"
                    class="p-menuitem-link"
                    href="#"
                    role="menuitem"
                  >
                    <span
                      class="p-menuitem-text"
                    >
                       üè† 
                    </span>
                  </a>
                </li>
                <li
                  class="p-menuitem"
                  role="none"
                >
                  <a
                    aria-haspopup="true"
                    class="p-menuitem-link"
                    data-testid="portal-menu_main"
                    href="#"
                    role="menuitem"
                  >
                    <span
                      class="p-menuitem-text"
                      data-testid="portal-menu-label_main"
                    >
                      Main
                    </span>
                    <span
                      class="p-submenu-icon pi pi-angle-down"
                    />
                  </a>
                  <ul
                    class="p-submenu-list"
                    role="menu"
                  >
                    <li
                      class="p-menuitem"
                      role="none"
                    >
                      <a
                        aria-haspopup="false"
                        class="p-menuitem-link"
                        data-testid="portal-menu_page1"
                        href="#"
                        role="menuitem"
                      >
                        <span
                          class="p-menuitem-text"
                          data-testid="portal-menu-label_page1"
                        >
                          Page 1
                        </span>
                      </a>
                    </li>
                    <li
                      class="p-menuitem"
                      role="none"
                    >
                      <a
                        aria-haspopup="false"
                        class="p-menuitem-link"
                        data-testid="portal-menu_page2"
                        href="#"
                        role="menuitem"
                      >
                        <span
                          class="p-menuitem-text"
                          data-testid="portal-menu-label_page2"
                        >
                          Page 2
                        </span>
                      </a>
                    </li>
                  </ul>
                </li>
                <li
                  class="p-menuitem"
                  role="none"
                >
                  <a
                    aria-haspopup="false"
                    class="p-menuitem-link"
                    data-testid="portal-menu_page3"
                    href="#"
                    role="menuitem"
                  >
                    <span
                      class="p-menuitem-text"
                      data-testid="portal-menu-label_page3"
                    >
                      Page 3
                    </span>
                  </a>
                </li>
                <li
                  class="p-menuitem"
                  role="none"
                >
                  <a
                    aria-haspopup="false"
                    class="p-menuitem-link"
                    data-testid="portal-menu_granted"
                    href="#"
                    role="menuitem"
                  >
                    <span
                      class="p-menuitem-text"
                      data-testid="portal-menu-label_granted"
                    >
                      Granted
                    </span>
                  </a>
                </li>
              </ul>
            </div>
            <div
              class="p-menubar p-component rightMenu-0-2-12"
              style="background: none;"
            >
              <a
                class="p-menubar-button"
                href="#"
                role="button"
                tabindex="0"
              >
                <i
                  class="pi pi-bars"
                />
              </a>
              <ul
                class="p-menubar-root-list"
                role="menubar"
              >
                <li
                  class="p-menuitem"
                  id="/profile"
                  role="none"
                >
                  <a
                    aria-haspopup="true"
                    class="p-menuitem-link"
                    data-testid="portal-menu_profile"
                    href="#"
                    role="menuitem"
                  >
                    <span
                      class="p-menuitem-icon user"
                    />
                    <span
                      class="p-menuitem-text"
                      data-testid="portal-menu-label_profile"
                    >
                      SA
                    </span>
                    <span
                      class="p-submenu-icon pi pi-angle-down"
                    />
                  </a>
                  <ul
                    class="p-submenu-list"
                    role="menu"
                  >
                    <li
                      class="p-menuitem"
                      role="none"
                    >
                      <a
                        aria-haspopup="false"
                        class="p-menuitem-link"
                        href="#"
                        role="menuitem"
                      >
                        <span
                          class="p-menuitem-text"
                        >
                          Help
                        </span>
                      </a>
                    </li>
                    <li
                      class="p-menuitem"
                      role="none"
                    >
                      <a
                        aria-haspopup="false"
                        class="p-menuitem-link"
                        href="#"
                        role="menuitem"
                      >
                        <span
                          class="p-menuitem-text"
                        >
                          Profile
                        </span>
                      </a>
                    </li>
                    <li
                      class="p-menuitem"
                      id="/logout"
                      role="none"
                    >
                      <a
                        aria-haspopup="false"
                        class="p-menuitem-link"
                        data-testid="portal-menu_logout"
                        href="#"
                        role="menuitem"
                      >
                        <span
                          class="p-menuitem-text"
                          data-testid="portal-menu-label_logout"
                        >
                          Logout
                        </span>
                      </a>
                    </li>
                  </ul>
                </li>
              </ul>
            </div>
          </div>
        </div>
        <div
          class="p-tabview p-component tabs-0-2-9"
        >
          <div
            class="p-tabview-nav-container"
          >
            <div
              class="p-tabview-nav-content"
              id="pr_id_1"
            >
              <ul
                class="p-tabview-nav"
                role="tablist"
              >
                <li
                  class="p-unselectable-text p-tabview-selected p-highlight"
                  role="presentation"
                >
                  <a
                    aria-controls="pr_id_1_content_0"
                    aria-selected="true"
                    class="p-tabview-nav-link"
                    id="pr_id_1_header_0"
                    role="tab"
                    tabindex="0"
                  >
                    <span
                      class="p-tabview-title"
                    >
                      <span
                        data-testid="portal-tab_"
                      >
                        Dashboard
                        ¬†¬†
                        <i
                          class="pi pi-times vertical-align-bottom"
                          data-testid="portal-tab-close_"
                        />
                      </span>
                    </span>
                  </a>
                </li>
                <li
                  class="p-tabview-ink-bar"
                  style="left: 0px;"
                />
              </ul>
            </div>
          </div>
          <div
            class="p-tabview-panels"
          >
            <div
              aria-hidden="false"
              aria-labelledby="pr_id_1_header_0"
              class="p-tabview-panel"
              id="pr_id_1_content_0"
              role="tabpanel"
            >
              <div>
                dashboard content
              </div>
            </div>
          </div>
        </div>
      </div>
    </div>
  </div>
</div>
`;
