// Jest Snapshot v1, https://goo.gl/fbAQLP

exports[`<Error /> interpolate equals snapshot 1`] = `
<div
  class="errorMessageWrap-0-2-3"
>
  Error dynamic param
</div>
`;

exports[`<Error /> render equals snapshot 1`] = `
<div
  aria-describedby="pr_id_1_content"
  aria-labelledby="pr_id_1_header"
  aria-modal="true"
  class="p-dialog p-component p-dialog-enter-done"
  id="pr_id_1"
  role="dialog"
  style="width: 30vw;"
>
  <div
    class="p-dialog-header"
  >
    <div
      class="p-dialog-title"
      id="pr_id_1_header"
    />
    <div
      class="p-dialog-header-icons"
    >
      <button
        aria-label="Close"
        class="p-dialog-header-icon p-dialog-header-close p-link"
        type="button"
      >
        <span
          aria-hidden="true"
          class="p-dialog-header-close-icon pi pi-times"
        />
      </button>
    </div>
  </div>
  <div
    class="p-dialog-content"
    id="pr_id_1_content"
  >
    <div
      class="errorIconWrap-0-2-1 errorIcon-0-2-2"
    />
    <div
      class="errorMessageWrap-0-2-3"
    >
      
    </div>
    <div
      class="errorButtonWrap-0-2-4"
    >
      <button
        aria-label="Close"
        class="p-button p-component"
      >
        <span
          class="p-button-label p-c"
        >
          Close
        </span>
      </button>
    </div>
  </div>
  <span
    class="p-resizable-handle"
    style="z-index: 90;"
  />
</div>
`;
