// Jest Snapshot v1, https://goo.gl/fbAQLP

exports[`<Report /> render equals snapshot 1`] = `
<div
  data-testid="ut-front-test"
>
  <div
    class="p-toast p-component p-toast-top-right w-auto"
    style="max-width: initial;"
  >
    <div />
  </div>
  <div
    class="flex flex-column explorer-0-2-2"
  >
    <div
      class="p-toast p-component p-toast-top-right"
    >
      <div />
    </div>
    <div
      class="p-toolbar p-component border-none p-2 flex-nowrap"
      role="toolbar"
      style="background: none;"
    >
      <div
        class="p-toolbar-group-left"
      >
        <div
          class="flex align-items-center w-full"
        >
          <div
            class="grid col align-self-start form-0-2-3 p-0 m-0 flex-grow-1"
          >
            <div
              class="col-12 m-0 p-0"
            >
              <div
                class="w-full"
              >
                <div
                  class="p-card p-component card card-0-2-4"
                  id="params"
                >
                  <div
                    class="p-card-body"
                  >
                    <div
                      class="p-card-content"
                    >
                      <div
                        class="grid -m-2"
                      >
                        <div
                          class="field grid col-12 md:col-4 xl:col-3 mb-0"
                        >
                          <label
                            class="col-12 md:col-4"
                            for="params-name"
                          >
                            Name
                          </label>
                          <div
                            class="flex align-items-center relative col-12 md:col-8"
                          >
                            <input
                              class="p-inputtext p-component p-filled w-full"
                              id="params-name"
                              name="params.name"
                              value="row 1"
                            />
                          </div>
                        </div>
                        <div
                          class="field grid col-12 md:col-4 xl:col-3 mb-0"
                        >
                          <label
                            class="col-12 md:col-4"
                            for="params-startDate"
                          >
                            Start Date
                          </label>
                          <div
                            class="flex align-items-center relative col-12 md:col-8"
                          >
                            <span
                              class="p-calendar p-component p-inputwrapper w-full p-calendar-w-btn p-calendar-w-btn-right"
                              id="params-startDate"
                            >
                              <input
                                autocomplete="off"
                                class="p-inputtext p-component"
                                id="params-startDate"
                                inputmode="none"
                                name="params.startDate"
                                type="text"
                              />
                              <button
                                class="p-button p-component p-datepicker-trigger p-button-icon-only"
                                tabindex="-1"
                                type="button"
                              >
                                <span
                                  class="p-button-icon p-c pi pi-calendar"
                                />
                                <span
                                  class="p-button-label p-c"
                                >
                                   
                                </span>
                              </button>
                            </span>
                          </div>
                        </div>
                        <div
                          class="field grid col-12 md:col-4 xl:col-3 mb-0 mb-0"
                        >
                          <label
                            class="col-12 md:col-4"
                            for="params-endDate"
                          >
                            End Date
                          </label>
                          <div
                            class="flex align-items-center relative col-12 md:col-8"
                          >
                            <span
                              class="p-calendar p-component p-inputwrapper w-full p-calendar-w-btn p-calendar-w-btn-right"
                              id="params-endDate"
                            >
                              <input
                                autocomplete="off"
                                class="p-inputtext p-component"
                                id="params-endDate"
                                inputmode="none"
                                name="params.endDate"
                                type="text"
                              />
                              <button
                                class="p-button p-component p-datepicker-trigger p-button-icon-only"
                                tabindex="-1"
                                type="button"
                              >
                                <span
                                  class="p-button-icon p-c pi pi-calendar"
                                />
                                <span
                                  class="p-button-label p-c"
                                >
                                   
                                </span>
                              </button>
                            </span>
                          </div>
                        </div>
                      </div>
                    </div>
                  </div>
                </div>
              </div>
            </div>
          </div>
        </div>
      </div>
      <div
        class="p-toolbar-group-right"
      >
        <button
          class="p-button p-component mr-2 ml-2 p-button-icon-only"
          data-testid="result-refreshButton"
        >
          <span
            class="p-button-icon p-c pi pi-search"
          />
          <span
            class="p-button-label p-c"
          >
             
          </span>
        </button>
        <button
          aria-label="design"
          class="p-button p-component p-button-icon-only"
          data-testid="testCustomization"
        >
          <span
            class="p-button-icon p-c pi pi-cog"
          />
          <span
            class="p-button-label p-c"
          >
             
          </span>
        </button>
      </div>
    </div>
    <div
      class="flex"
    >
      <div
        class="flex-grow-1"
        style="max-height: 768px;"
      >
        <div
          class="relative"
          style="height: 768px;"
        >
          <div
            class="p-datatable p-component p-datatable-auto-layout p-datatable-scrollable p-datatable-scrollable-vertical p-datatable-flex-scrollable p-datatable-responsive-stack p-datatable-sm"
            data-scrollselectors=".p-datatable-wrapper"
            pr_id_3=""
          >
            <div
              class="p-paginator p-component p-paginator-top"
            >
              <button
                aria-label="First Page"
                class="p-paginator-first p-paginator-element p-link p-disabled"
                disabled=""
                type="button"
              >
                <span
                  class="p-paginator-icon pi pi-angle-double-left"
                />
              </button>
              <button
                aria-label="Previous Page"
                class="p-paginator-prev p-paginator-element p-link p-disabled"
                disabled=""
                type="button"
              >
                <span
                  class="p-paginator-icon pi pi-angle-left"
                />
              </button>
              <span
                class="p-paginator-pages"
              />
              <button
                aria-label="Next Page"
                class="p-paginator-next p-paginator-element p-link p-disabled"
                disabled=""
                type="button"
              >
                <span
                  class="p-paginator-icon pi pi-angle-right"
                />
              </button>
              <button
                aria-label="Last Page"
                class="p-paginator-last p-paginator-element p-link p-disabled"
                disabled=""
                type="button"
              >
                <span
                  class="p-paginator-icon pi pi-angle-double-right"
                />
              </button>
            </div>
            <div
              class="p-datatable-wrapper"
              style="max-height: flex;"
            >
              <table
                class="p-datatable-table"
                role="table"
              >
                <thead
                  class="p-datatable-thead"
                >
                  <tr
                    role="row"
                  >
                    <th
                      class=""
                      role="columnheader"
                    >
                      <div
                        class="p-column-header-content"
                      >
                        <span
                          class="p-column-title"
                        >
                          <span
                            data-testid="result-nameTitle"
                          >
                            Name
                          </span>
                        </span>
                      </div>
                    </th>
                    <th
                      class=""
                      role="columnheader"
                    >
                      <div
                        class="p-column-header-content"
                      >
                        <span
                          class="p-column-title"
                        >
                          <span
                            data-testid="result-dateTitle"
                          >
                            Date
                          </span>
                        </span>
                      </div>
                    </th>
                  </tr>
                </thead>
                <tbody
                  class="p-datatable-tbody"
                >
                  <tr
                    class="p-datatable-emptymessage"
                    role="row"
                  >
                    <td
                      colspan="2"
                      role="cell"
                    >
                      No results found
                    </td>
                  </tr>
                </tbody>
              </table>
            </div>
          </div>
        </div>
      </div>
    </div>
  </div>
</div>
`;
