// Jest Snapshot v1, https://goo.gl/fbAQLP

exports[`<Login /> render equals snapshot 1`] = `
<div
  data-testid="ut-front-test"
>
  <div
    class="p-component loginContainer-0-2-1"
  >
    <div
      class="loginLogo-0-2-2 loginPageHeader-0-2-3"
    />
    <div
      class="loginForm-0-2-5 shadow-3"
    >
      <div
        class="loginTitle-0-2-8"
      >
        <span>
          Login with password
        </span>
      </div>
      
      <form
        autocomplete="off"
        class="card formContainer-0-2-6"
      >
        <div
          class="field col-12 p-2"
        >
          <span
            class="p-float-label"
          >
            <input
              class="p-inputtext p-component w-full"
              name="username"
            />
            <label
              class=""
            >
              Username
            </label>
          </span>
        </div>
        <div
          class="field col-12 p-2"
        >
          <span
            class="p-float-label"
          >
            <div
              class="p-password p-component p-inputwrapper w-full"
            >
              <input
                class="p-inputtext p-component p-password-input w-full"
                name="password"
                type="password"
              />
            </div>
            <label
              class=""
            >
              Password
            </label>
          </span>
        </div>
        <div
          class="field col-12 p-2 mb-0"
        >
          <button
            aria-label="Login"
            class="p-button p-component w-full"
            type="submit"
          >
            <span
              class="p-button-label p-c"
            >
              Login
            </span>
          </button>
        </div>
      </form>
    </div>
    <div
      class="loginLogo-0-2-2 loginPageFooter-0-2-4"
    />
  </div>
  <div
    class="fixed m-2 right-0"
  />
</div>
`;
